Using pre-set license
Built from '2023.1/staging' branch; Version is '2023.1.20f1 (35a524b12060) revision 3515684'; Using compiler version '192829333'; Build Type 'Release'
OS: 'Windows 10  (10.0.19045) 64bit Professional' Language: 'en' Physical Memory: 16252 MB
BatchMode: 1, IsHumanControllingUs: 0, StartBugReporterOnCrash: 0, Is64bit: 1, IsPro: 1

COMMAND LINE ARGUMENTS:
C:\Program Files\Unity\Hub\Editor\2023.1.20f1\Editor\Unity.exe
-adb2
-batchMode
-noUpm
-name
AssetImportWorker1
-projectPath
C:/Users/rvasi/OneDrive/Desktop/SpoiledGJ8/Spoiled
-logFile
Logs/AssetImportWorker1.log
-srvPort
65500
Successfully changed project path to: C:/Users/rvasi/OneDrive/Desktop/SpoiledGJ8/Spoiled
C:/Users/rvasi/OneDrive/Desktop/SpoiledGJ8/Spoiled
[UnityMemory] Configuration Parameters - Can be set up in boot.config
    "memorysetup-bucket-allocator-granularity=16"
    "memorysetup-bucket-allocator-bucket-count=8"
    "memorysetup-bucket-allocator-block-size=33554432"
    "memorysetup-bucket-allocator-block-count=8"
    "memorysetup-main-allocator-block-size=16777216"
    "memorysetup-thread-allocator-block-size=16777216"
    "memorysetup-gfx-main-allocator-block-size=16777216"
    "memorysetup-gfx-thread-allocator-block-size=16777216"
    "memorysetup-cache-allocator-block-size=4194304"
    "memorysetup-typetree-allocator-block-size=2097152"
    "memorysetup-profiler-bucket-allocator-granularity=16"
    "memorysetup-profiler-bucket-allocator-bucket-count=8"
    "memorysetup-profiler-bucket-allocator-block-size=33554432"
    "memorysetup-profiler-bucket-allocator-block-count=8"
    "memorysetup-profiler-allocator-block-size=16777216"
    "memorysetup-profiler-editor-allocator-block-size=1048576"
    "memorysetup-temp-allocator-size-main=16777216"
    "memorysetup-job-temp-allocator-block-size=2097152"
    "memorysetup-job-temp-allocator-block-size-background=1048576"
    "memorysetup-job-temp-allocator-reduction-small-platforms=262144"
    "memorysetup-allocator-temp-initial-block-size-main=262144"
    "memorysetup-allocator-temp-initial-block-size-worker=262144"
    "memorysetup-temp-allocator-size-background-worker=32768"
    "memorysetup-temp-allocator-size-job-worker=262144"
    "memorysetup-temp-allocator-size-preload-manager=33554432"
    "memorysetup-temp-allocator-size-nav-mesh-worker=65536"
    "memorysetup-temp-allocator-size-audio-worker=65536"
    "memorysetup-temp-allocator-size-cloud-worker=32768"
    "memorysetup-temp-allocator-size-gi-baking-worker=262144"
    "memorysetup-temp-allocator-size-gfx=262144"
Player connection [1312] Host "[IP] 192.168.1.3 [Port] 0 [Flags] 2 [Guid] 2309476930 [EditorId] 2309476930 [Version] 1048832 [Id] WindowsEditor(7,DESKTOP-9A9U6BB) [Debug] 1 [PackageName] WindowsEditor [ProjectName] Editor" joined multi-casting on [225.0.0.222:54997]...

Player connection [1312] Host "[IP] 192.168.1.3 [Port] 0 [Flags] 2 [Guid] 2309476930 [EditorId] 2309476930 [Version] 1048832 [Id] WindowsEditor(7,DESKTOP-9A9U6BB) [Debug] 1 [PackageName] WindowsEditor [ProjectName] Editor" joined alternative multi-casting on [225.0.0.222:34997]...

[Physics::Module] Initialized MultithreadedJobDispatcher with 11 workers.
Library Redirect Path: Library/Refreshing native plugins compatible for Editor in 13.05 ms, found 3 plugins.
Preloading 0 native plugins for Editor in 0.00 ms.
Initialize engine version: 2023.1.20f1 (35a524b12060)
[Subsystems] Discovering subsystems at path C:/Program Files/Unity/Hub/Editor/2023.1.20f1/Editor/Data/Resources/UnitySubsystems
[Subsystems] Discovering subsystems at path C:/Users/rvasi/OneDrive/Desktop/SpoiledGJ8/Spoiled/Assets
GfxDevice: creating device client; threaded=0; jobified=0
Direct3D:
    Version:  Direct3D 11.0 [level 11.1]
    Renderer: NVIDIA GeForce RTX 3060 Laptop GPU (ID=0x2560)
    Vendor:   NVIDIA
    VRAM:     6010 MB
    Driver:   31.0.15.4665
Initialize mono
Mono path[0] = 'C:/Program Files/Unity/Hub/Editor/2023.1.20f1/Editor/Data/Managed'
Mono path[1] = 'C:/Program Files/Unity/Hub/Editor/2023.1.20f1/Editor/Data/MonoBleedingEdge/lib/mono/unityjit-win32'
Mono config path = 'C:/Program Files/Unity/Hub/Editor/2023.1.20f1/Editor/Data/MonoBleedingEdge/etc'
Using monoOptions --debugger-agent=transport=dt_socket,embedding=1,server=y,suspend=n,address=127.0.0.1:56556
Begin MonoManager ReloadAssembly
C:\build\output\Unity-Technologies\mono\mono\metadata\icall.c:1842:
C:\build\output\Unity-Technologies\mono\mono\metadata\icall.c:1842:
C:\build\output\Unity-Technologies\mono\mono\metadata\icall.c:1842:
C:\build\output\Unity-Technologies\mono\mono\metadata\icall.c:1842:
C:\build\output\Unity-Technologies\mono\mono\metadata\icall.c:1842:
C:\build\output\Unity-Technologies\mono\mono\metadata\icall.c:1842:
C:\build\output\Unity-Technologies\mono\mono\metadata\icall.c:1842:
C:\build\output\Unity-Technologies\mono\mono\metadata\icall.c:1842:
C:\build\output\Unity-Technologies\mono\mono\metadata\icall.c:1842:
C:\build\output\Unity-Technologies\mono\mono\metadata\icall.c:1842:
Registering precompiled unity dll's ...
Register platform support module: C:/Program Files/Unity/Hub/Editor/2023.1.20f1/Editor/Data/PlaybackEngines/WindowsStandaloneSupport/UnityEditor.WindowsStandalone.Extensions.dll
Register platform support module: C:/Program Files/Unity/Hub/Editor/2023.1.20f1/Editor/Data/PlaybackEngines/MetroSupport/UnityEditor.UWP.Extensions.dll
Register platform support module: C:/Program Files/Unity/Hub/Editor/2023.1.20f1/Editor/Data/PlaybackEngines/AndroidPlayer/UnityEditor.Android.Extensions.dll
Registered in 0.005886 seconds.
- Loaded All Assemblies, in  0.434 seconds
Native extension for Android target not found
Android Extension - Scanning For ADB Devices 265 ms
Native extension for UWP target not found
Native extension for WindowsStandalone target not found
Mono: successfully reloaded assembly
C:\build\output\Unity-Technologies\mono\mono\metadata\icall.c:1842:
C:\build\output\Unity-Technologies\mono\mono\metadata\icall.c:1842:
- Finished resetting the current domain, in  0.701 seconds
Domain Reload Profiling: 1133ms
	BeginReloadAssembly (134ms)
		ExecutionOrderSort (0ms)
		DisableScriptedObjects (0ms)
		BackupInstance (0ms)
		ReleaseScriptingObjects (0ms)
		CreateAndSetChildDomain (1ms)
	RebuildCommonClasses (35ms)
	RebuildNativeTypeToScriptingClass (10ms)
	initialDomainReloadingComplete (58ms)
	LoadAllAssembliesAndSetupDomain (193ms)
		LoadAssemblies (130ms)
		RebuildTransferFunctionScriptingTraits (0ms)
		AnalyzeDomain (187ms)
			TypeCache.Refresh (186ms)
				TypeCache.ScanAssembly (175ms)
			ScanForSourceGeneratedMonoScriptInfo (1ms)
			ResolveRequiredComponents (1ms)
	FinalizeReload (702ms)
		ReleaseScriptCaches (0ms)
		RebuildScriptCaches (0ms)
		SetupLoadedEditorAssemblies (648ms)
			LogAssemblyErrors (0ms)
			InitializePlatformSupportModulesInManaged (387ms)
			SetLoadedEditorAssemblies (5ms)
			BeforeProcessingInitializeOnLoad (10ms)
			ProcessInitializeOnLoadAttributes (174ms)
			ProcessInitializeOnLoadMethodAttributes (72ms)
			AfterProcessingInitializeOnLoad (0ms)
			EditorAssembliesLoaded (0ms)
		ExecutionOrderSort2 (0ms)
		AwakeInstancesAfterBackupRestoration (0ms)
========================================================================
Worker process is ready to serve import requests
Import Worker Mode flag is 0x00
Begin MonoManager ReloadAssembly
C:\build\output\Unity-Technologies\mono\mono\metadata\icall.c:1842:
C:\build\output\Unity-Technologies\mono\mono\metadata\icall.c:1842:
C:\build\output\Unity-Technologies\mono\mono\metadata\icall.c:1842:
C:\build\output\Unity-Technologies\mono\mono\metadata\icall.c:1842:
C:\build\output\Unity-Technologies\mono\mono\metadata\icall.c:1842:
C:\build\output\Unity-Technologies\mono\mono\metadata\icall.c:1842:
C:\build\output\Unity-Technologies\mono\mono\metadata\icall.c:1842:
C:\build\output\Unity-Technologies\mono\mono\metadata\icall.c:1842:
C:\build\output\Unity-Technologies\mono\mono\metadata\icall.c:1842:
C:\build\output\Unity-Technologies\mono\mono\metadata\icall.c:1842:
C:\build\output\Unity-Technologies\mono\mono\metadata\icall.c:1842:
C:\build\output\Unity-Technologies\mono\mono\metadata\icall.c:1842:
Symbol file LoadedFromMemory doesn't match image C:\Users\rvasi\OneDrive\Desktop\SpoiledGJ8\Spoiled\Library\PackageCache\com.unity.visualscripting@1.8.0\Editor\VisualScripting.Core\Dependencies\YamlDotNet\Unity.VisualScripting.YamlDotNet.dll
Symbol file LoadedFromMemory doesn't match image C:\Users\rvasi\OneDrive\Desktop\SpoiledGJ8\Spoiled\Library\PackageCache\com.unity.visualscripting@1.8.0\Editor\VisualScripting.Core\Dependencies\DotNetZip\Unity.VisualScripting.IonicZip.dll
- Loaded All Assemblies, in  1.177 seconds
Refreshing native plugins compatible for Editor in 4.73 ms, found 3 plugins.
Native extension for Android target not found
Native extension for UWP target not found
Native extension for WindowsStandalone target not found
Mono: successfully reloaded assembly
- Finished resetting the current domain, in  1.048 seconds
Domain Reload Profiling: 2220ms
	BeginReloadAssembly (325ms)
		ExecutionOrderSort (0ms)
		DisableScriptedObjects (6ms)
		BackupInstance (0ms)
		ReleaseScriptingObjects (0ms)
		CreateAndSetChildDomain (46ms)
	RebuildCommonClasses (44ms)
	RebuildNativeTypeToScriptingClass (11ms)
	initialDomainReloadingComplete (47ms)
	LoadAllAssembliesAndSetupDomain (744ms)
		LoadAssemblies (489ms)
		RebuildTransferFunctionScriptingTraits (0ms)
		AnalyzeDomain (372ms)
			TypeCache.Refresh (335ms)
				TypeCache.ScanAssembly (317ms)
			ScanForSourceGeneratedMonoScriptInfo (24ms)
			ResolveRequiredComponents (12ms)
	FinalizeReload (1049ms)
		ReleaseScriptCaches (0ms)
		RebuildScriptCaches (0ms)
		SetupLoadedEditorAssemblies (674ms)
			LogAssemblyErrors (0ms)
			InitializePlatformSupportModulesInManaged (44ms)
			SetLoadedEditorAssemblies (10ms)
			BeforeProcessingInitializeOnLoad (204ms)
			ProcessInitializeOnLoadAttributes (380ms)
			ProcessInitializeOnLoadMethodAttributes (31ms)
			AfterProcessingInitializeOnLoad (6ms)
			EditorAssembliesLoaded (0ms)
		ExecutionOrderSort2 (0ms)
		AwakeInstancesAfterBackupRestoration (7ms)
Launched and connected shader compiler UnityShaderCompiler.exe after 0.01 seconds
Refreshing native plugins compatible for Editor in 5.40 ms, found 3 plugins.
Preloading 0 native plugins for Editor in 0.00 ms.
Unloading 5231 Unused Serialized files (Serialized files now loaded: 0)
Unloading 74 unused Assets / (1.5 MB). Loaded Objects now: 5770.
Memory consumption went from 230.3 MB to 228.8 MB.
Total: 8.098900 ms (FindLiveObjects: 0.482200 ms CreateObjectMapping: 0.472500 ms MarkObjects: 6.541600 ms  DeleteObjects: 0.601300 ms)

AssetImportParameters requested are different than current active one (requested -> active):
  custom:video-decoder-webm-vp8: 9c59270c3fd7afecdb556c50c9e8de78 -> 
  custom:SearchIndexIgnoredProperties: e643bd26f0fe6173181afceb89e7c659 -> 
  custom:audio-encoder-webm-vorbis: bf7c407c2cedff20999df2af8eb42d56 -> 
  custom:AudioImporter_EditorPlatform: d09bf68614088b80899f8185d706f6e7 -> 
  custom:audio-decoder-ogg-vorbis: bf7c407c2cedff20999df2af8eb42d56 -> 
  custom:video-encoder-webm-vp8: eb34c28f22e8b96e1ab97ce403110664 -> 
  custom:container-demuxer-ogg: 62fdf1f143b41e24485cea50d1cbac27 -> 
  custom:framework-win-MediaFoundation: 216162199b28c13a410421893ffa2e32 -> 
  custom:video-decoder-ogg-theora: a1e56fd34408186e4bbccfd4996cb3dc -> 
  custom:container-muxer-webm: aa71ff27fc2769a1b78a27578f13a17b -> 
  custom:video-codec-MediaFoundation-h265: e54d7ab0439102e2317fc1e4b246158d -> 
  custom:CustomObjectIndexerAttribute: a3ef5dd2817f97addfee359851a9dba5 -> 
  custom:container-demuxer-webm: 4f35f7cbe854078d1ac9338744f61a02 -> 
========================================================================
Received Import Request.
  Time since last request: 592477.685374 seconds.
  path: Assets/Emojis/Textures/Circles/Blue circle 1.psd
  artifactKey: Guid(e22efeda9809149eca16ea17de03fc40) Importer(815301076,1909f56bfc062723c751e8b465ee728b)
Start importing Assets/Emojis/Textures/Circles/Blue circle 1.psd using Guid(e22efeda9809149eca16ea17de03fc40) Importer(815301076,1909f56bfc062723c751e8b465ee728b)  -> (artifact id: 'd6ef8b957bf3ac9da9db3510d09bf79e') in 0.007347 seconds
Number of updated asset objects reloaded before import = 0
Number of asset objects unloaded after import = 0
========================================================================
Received Import Request.
  Time since last request: 0.000032 seconds.
  path: Assets/Emojis/Textures/Circles/Blue circle 1 Stroke.psd
  artifactKey: Guid(d21f228fc424d47c5aa504c0d6134bec) Importer(815301076,1909f56bfc062723c751e8b465ee728b)
Start importing Assets/Emojis/Textures/Circles/Blue circle 1 Stroke.psd using Guid(d21f228fc424d47c5aa504c0d6134bec) Importer(815301076,1909f56bfc062723c751e8b465ee728b)  -> (artifact id: 'd2d17c41a356c002f0e99fb2c834540a') in 0.001676 seconds
Number of updated asset objects reloaded before import = 0
Number of asset objects unloaded after import = 0
========================================================================
Received Prepare
Begin MonoManager ReloadAssembly
C:\build\output\Unity-Technologies\mono\mono\metadata\icall.c:1842:
C:\build\output\Unity-Technologies\mono\mono\metadata\icall.c:1842:
C:\build\output\Unity-Technologies\mono\mono\metadata\icall.c:1842:
C:\build\output\Unity-Technologies\mono\mono\metadata\icall.c:1842:
C:\build\output\Unity-Technologies\mono\mono\metadata\icall.c:1842:
C:\build\output\Unity-Technologies\mono\mono\metadata\icall.c:1842:
C:\build\output\Unity-Technologies\mono\mono\metadata\icall.c:1842:
C:\build\output\Unity-Technologies\mono\mono\metadata\icall.c:1842:
C:\build\output\Unity-Technologies\mono\mono\metadata\icall.c:1842:
C:\build\output\Unity-Technologies\mono\mono\metadata\icall.c:1842:
C:\build\output\Unity-Technologies\mono\mono\metadata\icall.c:1842:
C:\build\output\Unity-Technologies\mono\mono\metadata\icall.c:1842:
Symbol file LoadedFromMemory doesn't match image C:\Users\rvasi\OneDrive\Desktop\SpoiledGJ8\Spoiled\Library\PackageCache\com.unity.visualscripting@1.8.0\Editor\VisualScripting.Core\Dependencies\YamlDotNet\Unity.VisualScripting.YamlDotNet.dll
Symbol file LoadedFromMemory doesn't match image C:\Users\rvasi\OneDrive\Desktop\SpoiledGJ8\Spoiled\Library\PackageCache\com.unity.visualscripting@1.8.0\Editor\VisualScripting.Core\Dependencies\DotNetZip\Unity.VisualScripting.IonicZip.dll
- Loaded All Assemblies, in  0.910 seconds
Refreshing native plugins compatible for Editor in 3.24 ms, found 3 plugins.
Native extension for Android target not found
Native extension for UWP target not found
Native extension for WindowsStandalone target not found
Mono: successfully reloaded assembly
- Finished resetting the current domain, in  1.260 seconds
Domain Reload Profiling: 2166ms
	BeginReloadAssembly (212ms)
		ExecutionOrderSort (0ms)
		DisableScriptedObjects (5ms)
		BackupInstance (0ms)
		ReleaseScriptingObjects (0ms)
		CreateAndSetChildDomain (61ms)
	RebuildCommonClasses (38ms)
	RebuildNativeTypeToScriptingClass (15ms)
	initialDomainReloadingComplete (26ms)
	LoadAllAssembliesAndSetupDomain (615ms)
		LoadAssemblies (403ms)
		RebuildTransferFunctionScriptingTraits (0ms)
		AnalyzeDomain (310ms)
			TypeCache.Refresh (296ms)
				TypeCache.ScanAssembly (281ms)
			ScanForSourceGeneratedMonoScriptInfo (5ms)
			ResolveRequiredComponents (9ms)
	FinalizeReload (1261ms)
		ReleaseScriptCaches (0ms)
		RebuildScriptCaches (0ms)
		SetupLoadedEditorAssemblies (534ms)
			LogAssemblyErrors (0ms)
			InitializePlatformSupportModulesInManaged (22ms)
			SetLoadedEditorAssemblies (4ms)
			BeforeProcessingInitializeOnLoad (156ms)
			ProcessInitializeOnLoadAttributes (323ms)
			ProcessInitializeOnLoadMethodAttributes (24ms)
			AfterProcessingInitializeOnLoad (5ms)
			EditorAssembliesLoaded (0ms)
		ExecutionOrderSort2 (0ms)
		AwakeInstancesAfterBackupRestoration (9ms)
Refreshing native plugins compatible for Editor in 4.54 ms, found 3 plugins.
Preloading 0 native plugins for Editor in 0.00 ms.
Unloading 5054 Unused Serialized files (Serialized files now loaded: 0)
Unloading 45 unused Assets / (1.5 MB). Loaded Objects now: 5773.
Memory consumption went from 197.5 MB to 196.0 MB.
Total: 6.075100 ms (FindLiveObjects: 0.397000 ms CreateObjectMapping: 0.390100 ms MarkObjects: 4.853600 ms  DeleteObjects: 0.432900 ms)

Prepare: number of updated asset objects reloaded= 11
AssetImportParameters requested are different than current active one (requested -> active):
  custom:video-decoder-webm-vp8: 9c59270c3fd7afecdb556c50c9e8de78 -> 
  custom:SearchIndexIgnoredProperties: e643bd26f0fe6173181afceb89e7c659 -> 
  custom:audio-encoder-webm-vorbis: bf7c407c2cedff20999df2af8eb42d56 -> 
  custom:AudioImporter_EditorPlatform: d09bf68614088b80899f8185d706f6e7 -> 
  custom:audio-decoder-ogg-vorbis: bf7c407c2cedff20999df2af8eb42d56 -> 
  custom:video-encoder-webm-vp8: eb34c28f22e8b96e1ab97ce403110664 -> 
  custom:container-demuxer-ogg: 62fdf1f143b41e24485cea50d1cbac27 -> 
  custom:framework-win-MediaFoundation: 216162199b28c13a410421893ffa2e32 -> 
  custom:video-decoder-ogg-theora: a1e56fd34408186e4bbccfd4996cb3dc -> 
  custom:container-muxer-webm: aa71ff27fc2769a1b78a27578f13a17b -> 
  custom:video-codec-MediaFoundation-h265: e54d7ab0439102e2317fc1e4b246158d -> 
  custom:CustomObjectIndexerAttribute: a3ef5dd2817f97addfee359851a9dba5 -> 
  custom:container-demuxer-webm: 4f35f7cbe854078d1ac9338744f61a02 -> 
========================================================================
Received Import Request.
  Time since last request: 70.161980 seconds.
  path: Assets/Emojis/Prefabs/Basic emojis/Emoji angry.prefab
  artifactKey: Guid(58191a0e365014587b5b5c62e8bac5e0) Importer(815301076,1909f56bfc062723c751e8b465ee728b)
Start importing Assets/Emojis/Prefabs/Basic emojis/Emoji angry.prefab using Guid(58191a0e365014587b5b5c62e8bac5e0) Importer(815301076,1909f56bfc062723c751e8b465ee728b)  -> (artifact id: '0581d949e123372f03155606a2e3abbc') in 0.050493 seconds
Number of updated asset objects reloaded before import = 0
Number of asset objects unloaded after import = 39
========================================================================
Received Import Request.
  Time since last request: 0.000026 seconds.
  path: Assets/Emojis/Prefabs/Basic emojis/Emoji cry 3.prefab
  artifactKey: Guid(79e7b4ac9d43143a19beaefc7c56ec65) Importer(815301076,1909f56bfc062723c751e8b465ee728b)
Start importing Assets/Emojis/Prefabs/Basic emojis/Emoji cry 3.prefab using Guid(79e7b4ac9d43143a19beaefc7c56ec65) Importer(815301076,1909f56bfc062723c751e8b465ee728b)  -> (artifact id: '49e83717247376a5305eac0bbde6eddd') in 0.004180 seconds
Number of updated asset objects reloaded before import = 0
Number of asset objects unloaded after import = 44
========================================================================
Received Import Request.
  Time since last request: 0.000013 seconds.
  path: Assets/Emojis/Prefabs/Basic emojis/Emoji money.prefab
  artifactKey: Guid(2ba67205a8d874bd6908d49846b9a508) Importer(815301076,1909f56bfc062723c751e8b465ee728b)
Start importing Assets/Emojis/Prefabs/Basic emojis/Emoji money.prefab using Guid(2ba67205a8d874bd6908d49846b9a508) Importer(815301076,1909f56bfc062723c751e8b465ee728b)  -> (artifact id: '15ac72e14b08ae6f0cfc1fd0cb4a0964') in 0.005883 seconds
Number of updated asset objects reloaded before import = 0
Number of asset objects unloaded after import = 71
========================================================================
Received Import Request.
  Time since last request: 0.000014 seconds.
  path: Assets/Emojis/Prefabs/Basic emojis/Emoji roar.prefab
  artifactKey: Guid(c5311de2d2eb640aebabc458e9004ed2) Importer(815301076,1909f56bfc062723c751e8b465ee728b)
Start importing Assets/Emojis/Prefabs/Basic emojis/Emoji roar.prefab using Guid(c5311de2d2eb640aebabc458e9004ed2) Importer(815301076,1909f56bfc062723c751e8b465ee728b)  -> (artifact id: '63230474cc7f8bfd998ddcdabf10ebe5') in 0.004051 seconds
Number of updated asset objects reloaded before import = 0
Number of asset objects unloaded after import = 44
========================================================================
Received Import Request.
  Time since last request: 0.000013 seconds.
  path: Assets/Emojis/Prefabs/Basic emojis/Emoji beg.prefab
  artifactKey: Guid(9ba052c5567b54b608ea53d350893754) Importer(815301076,1909f56bfc062723c751e8b465ee728b)
Start importing Assets/Emojis/Prefabs/Basic emojis/Emoji beg.prefab using Guid(9ba052c5567b54b608ea53d350893754) Importer(815301076,1909f56bfc062723c751e8b465ee728b)  -> (artifact id: '57c9e40d93e64ade292b244addff121e') in 0.004704 seconds
Number of updated asset objects reloaded before import = 0
Number of asset objects unloaded after import = 66
========================================================================
Received Import Request.
  Time since last request: 0.000015 seconds.
  path: Assets/Emojis/Prefabs/Basic emojis/Emoji freez.prefab
  artifactKey: Guid(e4e4787b8ebcd463d8fdb5b893344f11) Importer(815301076,1909f56bfc062723c751e8b465ee728b)
Start importing Assets/Emojis/Prefabs/Basic emojis/Emoji freez.prefab using Guid(e4e4787b8ebcd463d8fdb5b893344f11) Importer(815301076,1909f56bfc062723c751e8b465ee728b)  -> (artifact id: '1ac997348d79638a00a4610efcaa28eb') in 0.006380 seconds
Number of updated asset objects reloaded before import = 0
Number of asset objects unloaded after import = 86
========================================================================
Received Import Request.
  Time since last request: 0.000014 seconds.
  path: Assets/Emojis/Prefabs/Basic emojis/Emoji devil.prefab
  artifactKey: Guid(6845c448e58dd44a1b6ecf4fbca705dc) Importer(815301076,1909f56bfc062723c751e8b465ee728b)
Start importing Assets/Emojis/Prefabs/Basic emojis/Emoji devil.prefab using Guid(6845c448e58dd44a1b6ecf4fbca705dc) Importer(815301076,1909f56bfc062723c751e8b465ee728b)  -> (artifact id: '42bce4e091dae0a1d8c941dbb9b84670') in 0.003984 seconds
Number of updated asset objects reloaded before import = 0
Number of asset objects unloaded after import = 51
========================================================================
Received Import Request.
  Time since last request: 0.000011 seconds.
  path: Assets/Emojis/Prefabs/Basic emojis/Emoji sleep 1.prefab
  artifactKey: Guid(6635cfadb90e44e728f95859e8312e7c) Importer(815301076,1909f56bfc062723c751e8b465ee728b)
Start importing Assets/Emojis/Prefabs/Basic emojis/Emoji sleep 1.prefab using Guid(6635cfadb90e44e728f95859e8312e7c) Importer(815301076,1909f56bfc062723c751e8b465ee728b)  -> (artifact id: '21bba3562336d3ed16ca215e6bd101bf') in 0.003840 seconds
Number of updated asset objects reloaded before import = 0
Number of asset objects unloaded after import = 35
========================================================================
Received Import Request.
  Time since last request: 0.000011 seconds.
  path: Assets/Emojis/Prefabs/Basic emojis/Emoji stars.prefab
  artifactKey: Guid(547f44571aab741a1a7eb92fdb67174b) Importer(815301076,1909f56bfc062723c751e8b465ee728b)
Start importing Assets/Emojis/Prefabs/Basic emojis/Emoji stars.prefab using Guid(547f44571aab741a1a7eb92fdb67174b) Importer(815301076,1909f56bfc062723c751e8b465ee728b)  -> (artifact id: '8d7ddf0fde4d4123dc06e1bc840b338b') in 0.002927 seconds
Number of updated asset objects reloaded before import = 0
Number of asset objects unloaded after import = 29
========================================================================
Received Import Request.
  Time since last request: 0.000016 seconds.
  path: Assets/Emojis/Prefabs/Basic emojis/Emoji kiss 2.prefab
  artifactKey: Guid(4462bb5ce7a444448b180d2f3e386793) Importer(815301076,1909f56bfc062723c751e8b465ee728b)
Start importing Assets/Emojis/Prefabs/Basic emojis/Emoji kiss 2.prefab using Guid(4462bb5ce7a444448b180d2f3e386793) Importer(815301076,1909f56bfc062723c751e8b465ee728b)  -> (artifact id: '59caaeead323decbe08581f2e18b8fec') in 0.004415 seconds
Number of updated asset objects reloaded before import = 0
Number of asset objects unloaded after import = 62
========================================================================
Received Import Request.
  Time since last request: 0.000012 seconds.
  path: Assets/Emojis/Prefabs/Basic emojis/Emoji aristocrat.prefab
  artifactKey: Guid(ffe94f3e3c5c048738dcf6f22d902ca4) Importer(815301076,1909f56bfc062723c751e8b465ee728b)
Start importing Assets/Emojis/Prefabs/Basic emojis/Emoji aristocrat.prefab using Guid(ffe94f3e3c5c048738dcf6f22d902ca4) Importer(815301076,1909f56bfc062723c751e8b465ee728b)  -> (artifact id: 'bdb7bae0b8c0bfe206c4913c596418da') in 0.003693 seconds
Number of updated asset objects reloaded before import = 0
Number of asset objects unloaded after import = 44
========================================================================
Received Import Request.
  Time since last request: 0.000016 seconds.
  path: Assets/Emojis/Prefabs/Basic emojis/Emoji cry 1.prefab
  artifactKey: Guid(78fb4f798b7814681a219326b82fc7e2) Importer(815301076,1909f56bfc062723c751e8b465ee728b)
Start importing Assets/Emojis/Prefabs/Basic emojis/Emoji cry 1.prefab using Guid(78fb4f798b7814681a219326b82fc7e2) Importer(815301076,1909f56bfc062723c751e8b465ee728b)  -> (artifact id: '97bf2727a34bc7caf40b94c0690122c5') in 0.006044 seconds
Number of updated asset objects reloaded before import = 0
Number of asset objects unloaded after import = 63
========================================================================
Received Import Request.
  Time since last request: 0.000012 seconds.
  path: Assets/Emojis/Prefabs/Basic emojis/Emoji devil 1.prefab
  artifactKey: Guid(203da6594f9f34ca495c27a721968e46) Importer(815301076,1909f56bfc062723c751e8b465ee728b)
Start importing Assets/Emojis/Prefabs/Basic emojis/Emoji devil 1.prefab using Guid(203da6594f9f34ca495c27a721968e46) Importer(815301076,1909f56bfc062723c751e8b465ee728b)  -> (artifact id: 'cd75f5b6f863e50cc98911385a570c39') in 0.004391 seconds
Number of updated asset objects reloaded before import = 0
Number of asset objects unloaded after import = 51
========================================================================
Received Import Request.
  Time since last request: 0.000013 seconds.
  path: Assets/Emojis/Prefabs/Basic emojis/Emoji eyes 2.prefab
  artifactKey: Guid(7814c8b8e936d4db78b12a5811ee4abb) Importer(815301076,1909f56bfc062723c751e8b465ee728b)
Start importing Assets/Emojis/Prefabs/Basic emojis/Emoji eyes 2.prefab using Guid(7814c8b8e936d4db78b12a5811ee4abb) Importer(815301076,1909f56bfc062723c751e8b465ee728b)  -> (artifact id: '696028fba8becff903c0c65d1875ca97') in 0.003224 seconds
Number of updated asset objects reloaded before import = 0
Number of asset objects unloaded after import = 29
========================================================================
Received Import Request.
  Time since last request: 0.000017 seconds.
  path: Assets/Emojis/Prefabs/Basic emojis/Emoji smile.prefab
  artifactKey: Guid(5d0f0d3c6d86845a4b52afb14c201f93) Importer(815301076,1909f56bfc062723c751e8b465ee728b)
Start importing Assets/Emojis/Prefabs/Basic emojis/Emoji smile.prefab using Guid(5d0f0d3c6d86845a4b52afb14c201f93) Importer(815301076,1909f56bfc062723c751e8b465ee728b)  -> (artifact id: 'fe864d3c0f68b46ebc64c30c41573b7e') in 0.002910 seconds
Number of updated asset objects reloaded before import = 0
Number of asset objects unloaded after import = 29
========================================================================
Received Import Request.
  Time since last request: 0.000014 seconds.
  path: Assets/Emojis/Prefabs/Basic emojis/Emoji love 1.prefab
  artifactKey: Guid(b9d483eccc2b7405eb436826e72903b3) Importer(815301076,1909f56bfc062723c751e8b465ee728b)
Start importing Assets/Emojis/Prefabs/Basic emojis/Emoji love 1.prefab using Guid(b9d483eccc2b7405eb436826e72903b3) Importer(815301076,1909f56bfc062723c751e8b465ee728b)  -> (artifact id: 'd8dfcf5c00aa7f90d7a96f74dd8a7b71') in 0.005900 seconds
Number of updated asset objects reloaded before import = 0
Number of asset objects unloaded after import = 62
========================================================================
Received Import Request.
  Time since last request: 0.000018 seconds.
  path: Assets/Emojis/Prefabs/Basic emojis/Emoji angel.prefab
  artifactKey: Guid(1f95dabf2072d4c24a413dab1ed7a029) Importer(815301076,1909f56bfc062723c751e8b465ee728b)
Start importing Assets/Emojis/Prefabs/Basic emojis/Emoji angel.prefab using Guid(1f95dabf2072d4c24a413dab1ed7a029) Importer(815301076,1909f56bfc062723c751e8b465ee728b)  -> (artifact id: 'b3fd09f97f2790ee39a1a87f5c7f162d') in 0.004747 seconds
Number of updated asset objects reloaded before import = 0
Number of asset objects unloaded after import = 40
========================================================================
Received Import Request.
  Time since last request: 0.000017 seconds.
  path: Assets/Emojis/Prefabs/Basic emojis/Emoji dead.prefab
  artifactKey: Guid(a12417a0ab26841beaf3c6e8b2d5a1a1) Importer(815301076,1909f56bfc062723c751e8b465ee728b)
Start importing Assets/Emojis/Prefabs/Basic emojis/Emoji dead.prefab using Guid(a12417a0ab26841beaf3c6e8b2d5a1a1) Importer(815301076,1909f56bfc062723c751e8b465ee728b)  -> (artifact id: '400431ce0e1766192a126ceafc5927e5') in 0.004811 seconds
Number of updated asset objects reloaded before import = 0
Number of asset objects unloaded after import = 99
========================================================================
Received Import Request.
  Time since last request: 0.000029 seconds.
  path: Assets/Emojis/Prefabs/Basic emojis/Emoji sick.prefab
  artifactKey: Guid(8595d2e352626442c815584191cc2386) Importer(815301076,1909f56bfc062723c751e8b465ee728b)
Start importing Assets/Emojis/Prefabs/Basic emojis/Emoji sick.prefab using Guid(8595d2e352626442c815584191cc2386) Importer(815301076,1909f56bfc062723c751e8b465ee728b)  -> (artifact id: '4c1a33a78a71a44ac6a967f0ba514d61') in 0.004730 seconds
Number of updated asset objects reloaded before import = 0
Number of asset objects unloaded after import = 72
Editor requested this worker to shutdown with reason: Scaling down because of idle timeout
AssetImportWorker is now disconnected from the server
Process exiting
Exiting without the bug reporter. Application will terminate with return code 0